// Jest Snapshot v1, https://goo.gl/fbAQLP

exports[`Creating post Test if post gets created with new data 1`] = `
ShallowWrapper {
  "length": 1,
  Symbol(enzyme.__root__): [Circular],
  Symbol(enzyme.__unrendered__): <Create
    createPost={[Function]}
    type="post"
  />,
  Symbol(enzyme.__renderer__): Object {
    "batchedUpdates": [Function],
    "getNode": [Function],
    "render": [Function],
    "simulateEvent": [Function],
    "unmount": [Function],
  },
  Symbol(enzyme.__node__): Object {
    "instance": null,
    "key": undefined,
    "nodeType": "host",
    "props": Object {
      "children": Array [
        <div
          className="row"
        >
          <Link
            className="toggle-zenview"
            onClick={[Function]}
            replace={false}
            to="#"
          >
            <i
              className="fa fa-eye"
            />
          </Link>
          <div
            className="col-lg-12 distractor"
          >
            <Apollo(PostPublish)
              create={true}
              history={undefined}
              post={
                Object {
                  "author_id": 1,
                  "body": "blog post",
                  "cover_image": "",
                  "excerpt": "excerpt",
                  "mdPreview": "",
                  "mode": "rich-text",
                  "slug": "hello-world",
                  "status": "draft",
                  "title": "draft title",
                  "type": "post",
                }
              }
              toggleActionDrawer={[Function]}
            />
          </div>
          <div
            className="col-lg-6 column article-holder"
          >
            <CreateArticle
              post={
                Object {
                  "author_id": 1,
                  "body": "blog post",
                  "cover_image": "",
                  "excerpt": "excerpt",
                  "mdPreview": "",
                  "mode": "rich-text",
                  "slug": "hello-world",
                  "status": "draft",
                  "title": "draft title",
                  "type": "post",
                }
              }
            />
          </div>
          <div
            className="col-lg-6 column preview distractor"
          >
            <MdPreview
              post={
                Object {
                  "author_id": 1,
                  "body": "blog post",
                  "cover_image": "",
                  "excerpt": "excerpt",
                  "mdPreview": "",
                  "mode": "rich-text",
                  "slug": "hello-world",
                  "status": "draft",
                  "title": "draft title",
                  "type": "post",
                }
              }
              preview=""
            />
          </div>
        </div>,
        <PostActionDrawer
          isOpen={false}
          post={
            Object {
              "author_id": 1,
              "body": "blog post",
              "cover_image": "",
              "excerpt": "excerpt",
              "mdPreview": "",
              "mode": "rich-text",
              "slug": "hello-world",
              "status": "draft",
              "title": "draft title",
              "type": "post",
            }
          }
          toggleActionDrawer={[Function]}
          toggleFileExplorerModal={[Function]}
        />,
        undefined,
        false,
      ],
      "className": "module-xs create-post",
    },
    "ref": null,
    "rendered": Array [
      Object {
        "instance": null,
        "key": undefined,
        "nodeType": "host",
        "props": Object {
          "children": Array [
            <Link
              className="toggle-zenview"
              onClick={[Function]}
              replace={false}
              to="#"
            >
              <i
                className="fa fa-eye"
              />
            </Link>,
            <div
              className="col-lg-12 distractor"
            >
              <Apollo(PostPublish)
                create={true}
                history={undefined}
                post={
                  Object {
                    "author_id": 1,
                    "body": "blog post",
                    "cover_image": "",
                    "excerpt": "excerpt",
                    "mdPreview": "",
                    "mode": "rich-text",
                    "slug": "hello-world",
                    "status": "draft",
                    "title": "draft title",
                    "type": "post",
                  }
                }
                toggleActionDrawer={[Function]}
              />
            </div>,
            <div
              className="col-lg-6 column article-holder"
            >
              <CreateArticle
                post={
                  Object {
                    "author_id": 1,
                    "body": "blog post",
                    "cover_image": "",
                    "excerpt": "excerpt",
                    "mdPreview": "",
                    "mode": "rich-text",
                    "slug": "hello-world",
                    "status": "draft",
                    "title": "draft title",
                    "type": "post",
                  }
                }
              />
            </div>,
            <div
              className="col-lg-6 column preview distractor"
            >
              <MdPreview
                post={
                  Object {
                    "author_id": 1,
                    "body": "blog post",
                    "cover_image": "",
                    "excerpt": "excerpt",
                    "mdPreview": "",
                    "mode": "rich-text",
                    "slug": "hello-world",
                    "status": "draft",
                    "title": "draft title",
                    "type": "post",
                  }
                }
                preview=""
              />
            </div>,
          ],
          "className": "row",
        },
        "ref": null,
        "rendered": Array [
          Object {
            "instance": null,
            "key": undefined,
            "nodeType": "class",
            "props": Object {
              "children": <i
                className="fa fa-eye"
              />,
              "className": "toggle-zenview",
              "onClick": [Function],
              "replace": false,
              "to": "#",
            },
            "ref": null,
            "rendered": Object {
              "instance": null,
              "key": undefined,
              "nodeType": "host",
              "props": Object {
                "className": "fa fa-eye",
              },
              "ref": null,
              "rendered": null,
              "type": "i",
            },
            "type": [Function],
          },
          Object {
            "instance": null,
            "key": undefined,
            "nodeType": "host",
            "props": Object {
              "children": <Apollo(PostPublish)
                create={true}
                history={undefined}
                post={
                  Object {
                    "author_id": 1,
                    "body": "blog post",
                    "cover_image": "",
                    "excerpt": "excerpt",
                    "mdPreview": "",
                    "mode": "rich-text",
                    "slug": "hello-world",
                    "status": "draft",
                    "title": "draft title",
                    "type": "post",
                  }
                }
                toggleActionDrawer={[Function]}
              />,
              "className": "col-lg-12 distractor",
            },
            "ref": null,
            "rendered": Object {
              "instance": null,
              "key": undefined,
              "nodeType": "class",
              "props": Object {
                "create": true,
                "history": undefined,
                "post": Object {
                  "author_id": 1,
                  "body": "blog post",
                  "cover_image": "",
                  "excerpt": "excerpt",
                  "mdPreview": "",
                  "mode": "rich-text",
                  "slug": "hello-world",
                  "status": "draft",
                  "title": "draft title",
                  "type": "post",
                },
                "toggleActionDrawer": [Function],
              },
              "ref": null,
              "rendered": null,
              "type": [Function],
            },
            "type": "div",
          },
          Object {
            "instance": null,
            "key": undefined,
            "nodeType": "host",
            "props": Object {
              "children": <CreateArticle
                post={
                  Object {
                    "author_id": 1,
                    "body": "blog post",
                    "cover_image": "",
                    "excerpt": "excerpt",
                    "mdPreview": "",
                    "mode": "rich-text",
                    "slug": "hello-world",
                    "status": "draft",
                    "title": "draft title",
                    "type": "post",
                  }
                }
              />,
              "className": "col-lg-6 column article-holder",
            },
            "ref": null,
            "rendered": Object {
              "instance": null,
              "key": undefined,
              "nodeType": "class",
              "props": Object {
                "post": Object {
                  "author_id": 1,
                  "body": "blog post",
                  "cover_image": "",
                  "excerpt": "excerpt",
                  "mdPreview": "",
                  "mode": "rich-text",
                  "slug": "hello-world",
                  "status": "draft",
                  "title": "draft title",
                  "type": "post",
                },
              },
              "ref": null,
              "rendered": null,
              "type": [Function],
            },
            "type": "div",
          },
          Object {
            "instance": null,
            "key": undefined,
            "nodeType": "host",
            "props": Object {
              "children": <MdPreview
                post={
                  Object {
                    "author_id": 1,
                    "body": "blog post",
                    "cover_image": "",
                    "excerpt": "excerpt",
                    "mdPreview": "",
                    "mode": "rich-text",
                    "slug": "hello-world",
                    "status": "draft",
                    "title": "draft title",
                    "type": "post",
                  }
                }
                preview=""
              />,
              "className": "col-lg-6 column preview distractor",
            },
            "ref": null,
            "rendered": Object {
              "instance": null,
              "key": undefined,
              "nodeType": "class",
              "props": Object {
                "post": Object {
                  "author_id": 1,
                  "body": "blog post",
                  "cover_image": "",
                  "excerpt": "excerpt",
                  "mdPreview": "",
                  "mode": "rich-text",
                  "slug": "hello-world",
                  "status": "draft",
                  "title": "draft title",
                  "type": "post",
                },
                "preview": "",
              },
              "ref": null,
              "rendered": null,
              "type": [Function],
            },
            "type": "div",
          },
        ],
        "type": "div",
      },
      Object {
        "instance": null,
        "key": undefined,
        "nodeType": "class",
        "props": Object {
          "isOpen": false,
          "post": Object {
            "author_id": 1,
            "body": "blog post",
            "cover_image": "",
            "excerpt": "excerpt",
            "mdPreview": "",
            "mode": "rich-text",
            "slug": "hello-world",
            "status": "draft",
            "title": "draft title",
            "type": "post",
          },
          "toggleActionDrawer": [Function],
          "toggleFileExplorerModal": [Function],
        },
        "ref": null,
        "rendered": null,
        "type": [Function],
      },
      undefined,
      false,
    ],
    "type": "section",
  },
  Symbol(enzyme.__nodes__): Array [
    Object {
      "instance": null,
      "key": undefined,
      "nodeType": "host",
      "props": Object {
        "children": Array [
          <div
            className="row"
          >
            <Link
              className="toggle-zenview"
              onClick={[Function]}
              replace={false}
              to="#"
            >
              <i
                className="fa fa-eye"
              />
            </Link>
            <div
              className="col-lg-12 distractor"
            >
              <Apollo(PostPublish)
                create={true}
                history={undefined}
                post={
                  Object {
                    "author_id": 1,
                    "body": "blog post",
                    "cover_image": "",
                    "excerpt": "excerpt",
                    "mdPreview": "",
                    "mode": "rich-text",
                    "slug": "hello-world",
                    "status": "draft",
                    "title": "draft title",
                    "type": "post",
                  }
                }
                toggleActionDrawer={[Function]}
              />
            </div>
            <div
              className="col-lg-6 column article-holder"
            >
              <CreateArticle
                post={
                  Object {
                    "author_id": 1,
                    "body": "blog post",
                    "cover_image": "",
                    "excerpt": "excerpt",
                    "mdPreview": "",
                    "mode": "rich-text",
                    "slug": "hello-world",
                    "status": "draft",
                    "title": "draft title",
                    "type": "post",
                  }
                }
              />
            </div>
            <div
              className="col-lg-6 column preview distractor"
            >
              <MdPreview
                post={
                  Object {
                    "author_id": 1,
                    "body": "blog post",
                    "cover_image": "",
                    "excerpt": "excerpt",
                    "mdPreview": "",
                    "mode": "rich-text",
                    "slug": "hello-world",
                    "status": "draft",
                    "title": "draft title",
                    "type": "post",
                  }
                }
                preview=""
              />
            </div>
          </div>,
          <PostActionDrawer
            isOpen={false}
            post={
              Object {
                "author_id": 1,
                "body": "blog post",
                "cover_image": "",
                "excerpt": "excerpt",
                "mdPreview": "",
                "mode": "rich-text",
                "slug": "hello-world",
                "status": "draft",
                "title": "draft title",
                "type": "post",
              }
            }
            toggleActionDrawer={[Function]}
            toggleFileExplorerModal={[Function]}
          />,
          undefined,
          false,
        ],
        "className": "module-xs create-post",
      },
      "ref": null,
      "rendered": Array [
        Object {
          "instance": null,
          "key": undefined,
          "nodeType": "host",
          "props": Object {
            "children": Array [
              <Link
                className="toggle-zenview"
                onClick={[Function]}
                replace={false}
                to="#"
              >
                <i
                  className="fa fa-eye"
                />
              </Link>,
              <div
                className="col-lg-12 distractor"
              >
                <Apollo(PostPublish)
                  create={true}
                  history={undefined}
                  post={
                    Object {
                      "author_id": 1,
                      "body": "blog post",
                      "cover_image": "",
                      "excerpt": "excerpt",
                      "mdPreview": "",
                      "mode": "rich-text",
                      "slug": "hello-world",
                      "status": "draft",
                      "title": "draft title",
                      "type": "post",
                    }
                  }
                  toggleActionDrawer={[Function]}
                />
              </div>,
              <div
                className="col-lg-6 column article-holder"
              >
                <CreateArticle
                  post={
                    Object {
                      "author_id": 1,
                      "body": "blog post",
                      "cover_image": "",
                      "excerpt": "excerpt",
                      "mdPreview": "",
                      "mode": "rich-text",
                      "slug": "hello-world",
                      "status": "draft",
                      "title": "draft title",
                      "type": "post",
                    }
                  }
                />
              </div>,
              <div
                className="col-lg-6 column preview distractor"
              >
                <MdPreview
                  post={
                    Object {
                      "author_id": 1,
                      "body": "blog post",
                      "cover_image": "",
                      "excerpt": "excerpt",
                      "mdPreview": "",
                      "mode": "rich-text",
                      "slug": "hello-world",
                      "status": "draft",
                      "title": "draft title",
                      "type": "post",
                    }
                  }
                  preview=""
                />
              </div>,
            ],
            "className": "row",
          },
          "ref": null,
          "rendered": Array [
            Object {
              "instance": null,
              "key": undefined,
              "nodeType": "class",
              "props": Object {
                "children": <i
                  className="fa fa-eye"
                />,
                "className": "toggle-zenview",
                "onClick": [Function],
                "replace": false,
                "to": "#",
              },
              "ref": null,
              "rendered": Object {
                "instance": null,
                "key": undefined,
                "nodeType": "host",
                "props": Object {
                  "className": "fa fa-eye",
                },
                "ref": null,
                "rendered": null,
                "type": "i",
              },
              "type": [Function],
            },
            Object {
              "instance": null,
              "key": undefined,
              "nodeType": "host",
              "props": Object {
                "children": <Apollo(PostPublish)
                  create={true}
                  history={undefined}
                  post={
                    Object {
                      "author_id": 1,
                      "body": "blog post",
                      "cover_image": "",
                      "excerpt": "excerpt",
                      "mdPreview": "",
                      "mode": "rich-text",
                      "slug": "hello-world",
                      "status": "draft",
                      "title": "draft title",
                      "type": "post",
                    }
                  }
                  toggleActionDrawer={[Function]}
                />,
                "className": "col-lg-12 distractor",
              },
              "ref": null,
              "rendered": Object {
                "instance": null,
                "key": undefined,
                "nodeType": "class",
                "props": Object {
                  "create": true,
                  "history": undefined,
                  "post": Object {
                    "author_id": 1,
                    "body": "blog post",
                    "cover_image": "",
                    "excerpt": "excerpt",
                    "mdPreview": "",
                    "mode": "rich-text",
                    "slug": "hello-world",
                    "status": "draft",
                    "title": "draft title",
                    "type": "post",
                  },
                  "toggleActionDrawer": [Function],
                },
                "ref": null,
                "rendered": null,
                "type": [Function],
              },
              "type": "div",
            },
            Object {
              "instance": null,
              "key": undefined,
              "nodeType": "host",
              "props": Object {
                "children": <CreateArticle
                  post={
                    Object {
                      "author_id": 1,
                      "body": "blog post",
                      "cover_image": "",
                      "excerpt": "excerpt",
                      "mdPreview": "",
                      "mode": "rich-text",
                      "slug": "hello-world",
                      "status": "draft",
                      "title": "draft title",
                      "type": "post",
                    }
                  }
                />,
                "className": "col-lg-6 column article-holder",
              },
              "ref": null,
              "rendered": Object {
                "instance": null,
                "key": undefined,
                "nodeType": "class",
                "props": Object {
                  "post": Object {
                    "author_id": 1,
                    "body": "blog post",
                    "cover_image": "",
                    "excerpt": "excerpt",
                    "mdPreview": "",
                    "mode": "rich-text",
                    "slug": "hello-world",
                    "status": "draft",
                    "title": "draft title",
                    "type": "post",
                  },
                },
                "ref": null,
                "rendered": null,
                "type": [Function],
              },
              "type": "div",
            },
            Object {
              "instance": null,
              "key": undefined,
              "nodeType": "host",
              "props": Object {
                "children": <MdPreview
                  post={
                    Object {
                      "author_id": 1,
                      "body": "blog post",
                      "cover_image": "",
                      "excerpt": "excerpt",
                      "mdPreview": "",
                      "mode": "rich-text",
                      "slug": "hello-world",
                      "status": "draft",
                      "title": "draft title",
                      "type": "post",
                    }
                  }
                  preview=""
                />,
                "className": "col-lg-6 column preview distractor",
              },
              "ref": null,
              "rendered": Object {
                "instance": null,
                "key": undefined,
                "nodeType": "class",
                "props": Object {
                  "post": Object {
                    "author_id": 1,
                    "body": "blog post",
                    "cover_image": "",
                    "excerpt": "excerpt",
                    "mdPreview": "",
                    "mode": "rich-text",
                    "slug": "hello-world",
                    "status": "draft",
                    "title": "draft title",
                    "type": "post",
                  },
                  "preview": "",
                },
                "ref": null,
                "rendered": null,
                "type": [Function],
              },
              "type": "div",
            },
          ],
          "type": "div",
        },
        Object {
          "instance": null,
          "key": undefined,
          "nodeType": "class",
          "props": Object {
            "isOpen": false,
            "post": Object {
              "author_id": 1,
              "body": "blog post",
              "cover_image": "",
              "excerpt": "excerpt",
              "mdPreview": "",
              "mode": "rich-text",
              "slug": "hello-world",
              "status": "draft",
              "title": "draft title",
              "type": "post",
            },
            "toggleActionDrawer": [Function],
            "toggleFileExplorerModal": [Function],
          },
          "ref": null,
          "rendered": null,
          "type": [Function],
        },
        undefined,
        false,
      ],
      "type": "section",
    },
  ],
  Symbol(enzyme.__options__): Object {
    "adapter": ReactSixteenAdapter {
      "options": Object {
        "enableComponentDidUpdateOnSetState": true,
      },
    },
  },
}
`;
